Player 1
Player 2
0
0
Player 2
F Y B L U Y B B U R 
. . . . 
. . . . 
L U R Y 
. . . . 
Y B L U 
b y r u l 
l b y r u 
u l b y r 
r u l b y 
y r u l b 
b y r u l 
l b y r u 
u l b y r 
r u l b y 
y r u l b 
L 
R . 
. . . 
. . . . 
. . . . . 
. 
. . 
R . . 
. . . . 
. . . . . 
. . . . . . . 
. . . . . . . 

R Y B L U R Y B L U R Y B L U R Y B L U R Y B L U R Y B L U R Y B L U R Y B L U R Y B L U R Y B L U R Y B L U R Y B L U R Y B L U R Y B L U R Y B L U R Y B L U 
0